census peakTileInstances 498829; offline mean over all frames 213483, max 499757
266 shipped N=120                        tile instances per training entry   233403  (+0.0% vs 266)
264 replica (blur key)                   tile instances per training entry   223661  (-4.2% vs 266)
lookahead 0 N=120                        tile instances per training entry   222800  (-4.5% vs 266)
shipped code N=150                       tile instances per training entry   233157  (-0.1% vs 266)
shipped code N=180                       tile instances per training entry   233343  (-0.0% vs 266)
shipped code N=204                       tile instances per training entry   240792  (+3.2% vs 266)
shipped code N=240                       tile instances per training entry   237911  (+1.9% vs 266)
resume only N=120                        tile instances per training entry   216622  (-7.2% vs 266)
resume only N=150                        tile instances per training entry   215492  (-7.7% vs 266)
resume only N=204                        tile instances per training entry   213259  (-8.6% vs 266)
resume, gates of 120, whole walk         tile instances per training entry   211673  (-9.3% vs 266)
resume+spacing x1.354 N=120              tile instances per training entry   217323  (-6.9% vs 266)
resume+spacing x0.637 N=150              tile instances per training entry   214310  (-8.2% vs 266)
resume+spacing x0.474 N=180              tile instances per training entry   215977  (-7.5% vs 266)
resume+spacing x0.321 N=204              tile instances per training entry   219003  (-6.2% vs 266)
resume+spacing x0.310 N=227              tile instances per training entry   222584  (-4.6% vs 266)
resume+turn 0.0246 N=120                 tile instances per training entry   211248  (-9.5% vs 266)
resume+turn 0.0108 N=150                 tile instances per training entry   215869  (-7.5% vs 266)
resume+turn 0.0043 N=180                 tile instances per training entry   212727  (-8.9% vs 266)
resume+turn 0.0025 N=204                 tile instances per training entry   212348  (-9.0% vs 266)
shipped+turn 0.0382 N=120                tile instances per training entry   216824  (-7.1% vs 266)
resume+dist|time 1.33s N=120             tile instances per training entry   219113  (-6.1% vs 266)
resume+dist|time 0.93s N=150             tile instances per training entry   217046  (-7.0% vs 266)
resume+dist|time 0.67s N=180             tile instances per training entry   217033  (-7.0% vs 266)
resume+dist|time 0.47s N=204             tile instances per training entry   215839  (-7.5% vs 266)
