EFFECTIVE RANK of the exported model (fused scales)
  all      n 299888  rank p10 1.664 p50 2.038 p90 2.334
  discs    n 258483  rank p10 2.003 p50 2.047 p90 2.294
  needles  n  27189  rank p10 1.176 p50 1.295 p90 1.469
  blobs    n  14216  rank p10 2.502 p50 2.682 p90 2.959
f 0 backward done  59 s
f 4 backward done  113 s
f 8 backward done  172 s
f12 backward done  233 s

splats with photometric scale gradient in >=2 of 4 frames: 76290
  photometric-only Adam direction on thin axis (E[g]/rms): p10 -0.944 p50 -0.186 p90 0.881
  (negative = photometric wants the thin axis to GROW)

  setting                class    |pr|/rms  pr>rms %   dAdam p50  dAdam mean thin grows%
  w=0.001 target=2.0    discs     773.072     99.4%     +1.1260     +1.0241        3.6%
  w=0.001 target=2.0    blobs     104.003    100.0%     +1.0818     +1.0812        0.0%
  w=0.001 target=2.0    needles 11316.740    100.0%     -0.8587     -0.9317      100.0%
  w=0.002 target=2.0    discs    1546.145     99.7%     +1.1350     +1.0277        3.5%
  w=0.002 target=2.0    blobs     208.007    100.0%     +1.0818     +1.0813        0.0%
  w=0.002 target=2.0    needles 22633.480    100.0%     -0.8587     -0.9317      100.0%
  w=0.005 target=2.0    discs    3865.362     99.9%     +1.1394     +1.0297        3.4%
  w=0.005 target=2.0    blobs     520.017    100.0%     +1.0819     +1.0813        0.0%
  w=0.005 target=2.0    needles 56583.699    100.0%     -0.8587     -0.9317      100.0%
  w=0.001 target=2.5    discs   21264.974    100.0%     -0.8051     -0.9015      100.0%
  w=0.001 target=2.5    blobs    3514.364    100.0%     -0.9181     -0.9187      100.0%
  w=0.001 target=2.5    needles 19412.362    100.0%     -0.8587     -0.9317      100.0%
  w=0.001 target=3.0    discs   43827.676    100.0%     -0.8051     -0.9015      100.0%
  w=0.001 target=3.0    blobs    7114.387    100.0%     -0.9181     -0.9187      100.0%
  w=0.001 target=3.0    needles 27609.698    100.0%     -0.8587     -0.9317      100.0%
  w=0.000 target=2.0    discs       0.000      0.0%     +0.0000     +0.0000       55.8%
  w=0.000 target=2.0    blobs       0.000      0.0%     +0.0000     +0.0000       57.1%
  w=0.000 target=2.0    needles     0.000      0.0%     +0.0000     +0.0000       54.5%
